npm : npm error Missing script: "build"
At line:1 char:1
+ npm run build > build_output.txt 2>&1 ; Get-Content build_output.txt
+ ~~~~~~~~~~~~~~~~~~~~~~~~~~~~~~~~~~~~~
    + CategoryInfo          : NotSpecified: (npm error Missing script: "build" 
   :String) [], RemoteException
    + FullyQualifiedErrorId : NativeCommandError
 
npm error
npm error To see a list of scripts, run:
npm error   npm run
npm error A complete log of this run can be found in: C:\Users\priya\AppData\Lo
cal\npm-cache\_logs\2026-02-19T21_38_10_606Z-debug-0.log
